PREHOOK: query: -- Global Limit optimization does not work with ACID table. Make sure to skip it for ACID table.
CREATE TABLE acidtest1(c1 INT, c2 STRING)
CLUSTERED BY (c1) INTO 3 BUCKETS
STORED AS ORC
TBLPROPERTIES ("transactional"="true")
PREHOOK: type: CREATETABLE
PREHOOK: Output: database:default
PREHOOK: Output: default@acidtest1
POSTHOOK: query: -- Global Limit optimization does not work with ACID table. Make sure to skip it for ACID table.
CREATE TABLE acidtest1(c1 INT, c2 STRING)
CLUSTERED BY (c1) INTO 3 BUCKETS
STORED AS ORC
TBLPROPERTIES ("transactional"="true")
POSTHOOK: type: CREATETABLE
POSTHOOK: Output: database:default
POSTHOOK: Output: default@acidtest1
PREHOOK: query: insert into table acidtest1 select cint, cstring1 from alltypesorc where cint is not null order by cint
PREHOOK: type: QUERY
PREHOOK: Input: default@alltypesorc
PREHOOK: Output: default@acidtest1
POSTHOOK: query: insert into table acidtest1 select cint, cstring1 from alltypesorc where cint is not null order by cint
POSTHOOK: type: QUERY
POSTHOOK: Input: default@alltypesorc
POSTHOOK: Output: default@acidtest1
POSTHOOK: Lineage: acidtest1.c1 SIMPLE [(alltypesorc)alltypesorc.FieldSchema(name:cint, type:int, comment:null), ]
POSTHOOK: Lineage: acidtest1.c2 SIMPLE [(alltypesorc)alltypesorc.FieldSchema(name:cstring1, type:string, comment:null), ]
PREHOOK: query: explain
select cast (c1 as string) from acidtest1 limit 10
PREHOOK: type: QUERY
POSTHOOK: query: explain
select cast (c1 as string) from acidtest1 limit 10
POSTHOOK: type: QUERY
Plan optimized by CBO.

Stage-0
  Fetch Operator
    limit:10
    Stage-1
      Map 1
      File Output Operator [FS_3]
        Limit [LIM_2] (rows=10 width=10)
          Number of rows:10
          Select Operator [SEL_1] (rows=9173 width=10)
            Output:["_col0"]
            TableScan [TS_0] (rows=9173 width=10)
              default@acidtest1,acidtest1, ACID table,Tbl:COMPLETE,Col:NONE,Output:["c1"]

PREHOOK: query: select cast (c1 as string) from acidtest1 limit 10
PREHOOK: type: QUERY
PREHOOK: Input: default@acidtest1
#### A masked pattern was here ####
POSTHOOK: query: select cast (c1 as string) from acidtest1 limit 10
POSTHOOK: type: QUERY
POSTHOOK: Input: default@acidtest1
#### A masked pattern was here ####
-340178543
-339581189
-339244391
356535438
-338184935
-338131778
356416560
844686816
355274340
-821957276
PREHOOK: query: drop table acidtest1
PREHOOK: type: DROPTABLE
PREHOOK: Input: default@acidtest1
PREHOOK: Output: default@acidtest1
POSTHOOK: query: drop table acidtest1
POSTHOOK: type: DROPTABLE
POSTHOOK: Input: default@acidtest1
POSTHOOK: Output: default@acidtest1
